#Github
account auf github angelegt
dort repo "lp" angelegt
mac app von github installiert
repo lp unterhalb des Verzeichnisses Github/lp angelegt
jetzt Verbindung erforderlich zu https://github.com/fjli/lp.git
bei Github werden folgende Befehle vorgegeben:
touch README.md  #ersetzt durch texte/github.txt
git init   #so ausgeführt, git war schon installiert durch xcode, Agreement lesen und bestätigen, Aufruf als sudo
git add README.md  #git add texte/github.txt
git commit -m "first commit"   #ok
git remote add origin https://github.com/fjli/lp.git   #ging nicht, da repo lp bei github schon bestand
git push -u origin master  #hat funktioniert
	Mitschnitt der Terminalsitzung:
			mbpfli-2:lp fli$ pwd
			/Users/fli/GitHub/lp
			mbpfli-2:lp fli$ git init
			Reinitialized existing Git repository in /Users/fli/GitHub/lp/.git/
			mbpfli-2:lp fli$ git status
			On branch master

			Initial commit

			Untracked files:
			  (use "git add <file>..." to include in what will be committed)

				texte/

			nothing added to commit but untracked files present (use "git add" to track)
			mbpfli-2:lp fli$ git add texte/github.txt
			mbpfli-2:lp fli$ git status
			On branch master

			Initial commit

			Changes to be committed:
			  (use "git rm --cached <file>..." to unstage)

				new file:   texte/github.txt

			mbpfli-2:lp fli$ git commit -m "erster commit"
			[master (root-commit) f4180a6] erster commit
			 1 file changed, 13 insertions(+)
			 create mode 100644 texte/github.txt
			mbpfli-2:lp fli$ git status
			On branch master
			Your branch is based on 'origin/master', but the upstream is gone.
			  (use "git branch --unset-upstream" to fixup)

			nothing to commit, working directory clean
			mbpfli-2:lp fli$ git branch --unset-upstream
			mbpfli-2:lp fli$ git status
			On branch master
			nothing to commit, working directory clean
			mbpfli-2:lp fli$ git remote add origin https://github.com/fjli/lp.git
			fatal: remote origin already exists.
			mbpfli-2:lp fli$ git push -u origin master
			Username for 'https://github.com': fjli
			Password for 'https://fjli@github.com': 
			Counting objects: 4, done.
			Delta compression using up to 4 threads.
			Compressing objects: 100% (2/2), done.
			Writing objects: 100% (4/4), 471 bytes | 0 bytes/s, done.
			Total 4 (delta 0), reused 0 (delta 0)
			To https://github.com/fjli/lp.git
			 * [new branch]      master -> master
			Branch master set up to track remote branch master from origin.